
<!--=====================================================================
Created via the Lexical Import process: 2020-08-28 7:32:00 PM
===================================================================== -->
<sfmMapping version="6.1">

<!--=====================================================================
Global Settings
===================================================================== -->
<settings>
<meaning app="fw.sil.org"/>
</settings>

<!--=====================================================================
Import Options
===================================================================== -->
<options>
<option id="chkCreateMissingLinks" type="Checkbox" checked="False"/>
</options>

<!--=====================================================================
Language Definitions
===================================================================== -->
<languages>
<langDef id="National" xml:lang="ignore"/>
<langDef id="English" xml:lang="en"/>
<langDef id="Vernacular" xml:lang="en"/>
<langDef id="Regional" xml:lang="ignore"/>
</languages>

<!--=====================================================================
Level Hierarchy
===================================================================== -->
<hierarchy>
<level name="Entry" partOf="records" beginFields="lx" additionalFields="mn cf hm" multiFields="cf mn"/>
<level name="Etymology" partOf="Entry Subentry" beginFields="et"/>
<level name="Example" partOf="Sense" beginFields="xv"/>
<level name="ExampleTranslation" partOf="Example" beginFields="ignore"/>
<level name="Function" partOf="Subentry Sense Entry" beginFields="lf" additionalFields="lv"/>
<level name="Picture" partOf="Sense" beginFields="ignore"/>
<level name="Pronunciation" partOf="Entry Subentry" beginFields="ignore"/>
<level name="SemanticDomain" partOf="Sense" beginFields="ignore"/>
<level name="Sense" partOf="Entry Subentry" beginFields="sn ps" additionalFields="de us na" multiFields="de us na"/>
<level name="Subentry" partOf="Entry" beginFields="ignore"/>
<level name="Variant" partOf="Subentry Sense Entry" beginFields="va" uniqueFields="va"/>
</hierarchy>

<!--=====================================================================
Field Descriptions
===================================================================== -->
<fieldDescriptions>
<field sfm="lx" name="Lexeme Form" type="string" lang="Vernacular" >
<meaning app="fw.sil.org" id="lex"/>
</field>
<field sfm="hm" name="Homograph Number" type="string" lang="English" >
<meaning app="fw.sil.org" id="hom"/>
</field>
<field sfm="et" name="Etymology Source Form" type="string" lang="Vernacular" >
<meaning app="fw.sil.org" id="etf"/>
</field>
<field sfm="sn" name="Sense Number" type="string" lang="English" >
<meaning app="fw.sil.org" id="sn"/>
</field>
<field sfm="ps" name="Category (Part Of Speech)" type="string" lang="English" abbr="True" >
<meaning app="fw.sil.org" id="pos"/>
</field>
<field sfm="de" name="Definition" type="string" lang="English" >
<meaning app="fw.sil.org" id="def"/>
</field>
<field sfm="xv" name="Example" type="string" lang="Vernacular" >
<meaning app="fw.sil.org" id="sent"/>
</field>
<field sfm="lf" name="Lexical Function" type="string" lang="English" >
<meaning app="fw.sil.org" id="func"/>
</field>
<field sfm="lv" name="Lexical Function Lexeme" type="string" lang="English" >
<meaning app="fw.sil.org" id="funlex"/>
</field>
<field sfm="us" name="Usages" type="string" lang="English" abbr="False" >
<meaning app="fw.sil.org" id="utyp"/>
</field>
<field sfm="mn" name="Main Entry/Sense Reference" type="string" lang="Vernacular" >
<meaning app="fw.sil.org" id="meref"/>
</field>
<field sfm="spec" name=" " type="string" lang="English" autoImport="True" >
<meaning app="fw.sil.org" id=""/>
</field>
<field sfm="na" name="Anthro Note" type="string" lang="English" >
<meaning app="fw.sil.org" id="anote"/>
</field>
<field sfm="va" name="Variant Form" type="string" lang="Vernacular" >
<meaning app="fw.sil.org" id="var" funcWS="en" func="Unspecified Variant"/>
</field>
<field sfm="cf" name="Cross Reference" type="string" lang="Vernacular" >
<meaning app="fw.sil.org" id="cref" funcWS="en" func="Compare"/>
</field>
</fieldDescriptions>

<!--=====================================================================
In Field Markers
===================================================================== -->
<inFieldMarkers>
</inFieldMarkers>

<!--=====================================================================
Custom Field Descriptions
===================================================================== -->
<CustomFieldDescriptions>
</CustomFieldDescriptions>
</sfmMapping>
